../Core/Src/hd44780.c:27:13:hd44780_data_out	32	static
../Core/Src/hd44780.c:91:13:hd44780_write4bits	8	static
../Core/Src/hd44780.c:97:13:hd44780_writeByte	16	static
../Core/Src/hd44780.c:124:13:hd44780_writeCommand	8	static
../Core/Src/hd44780.c:192:6:HD44780_ClearBuffer	8	static
../Core/Src/hd44780.c:201:6:HD44780_SetCursor	0	static
../Core/Src/hd44780.c:212:6:HD44780_WriteChar	8	static
../Core/Src/hd44780.c:221:6:HD44780_WriteString	8	static
../Core/Src/hd44780.c:227:6:HD44780_Update	32	static
../Core/Src/hd44780.c:243:6:HD44780_SetContrast	0	static
../Core/Src/hd44780.c:137:6:HD44780_Init	40	static
